[2025-11-24T09:38:18.584046] INFO - logger.info - ============================================================
[2025-11-24T09:38:18.584145] INFO - logger.info - 智能闸门仿真系统启动
[2025-11-24T09:38:18.584188] INFO - logger.info - ============================================================
[2025-11-24T09:38:18.584220] INFO - logger.info - 语义解释器初始化完成，加载 5 个场景
[2025-11-24T09:38:18.584256] INFO - logger.info - 监控系统初始化完成
[2025-11-24T09:38:18.600312] INFO - logger.info - 数据库初始化完成: simulation_data.db
[2025-11-24T09:38:18.600399] INFO - logger.info - 数据库已启用: simulation_data.db
[2025-11-24T09:38:18.602404] INFO - logger.info - 创建仿真会话: ID=1
[2025-11-24T09:38:18.602542] INFO - logger.info - 开始仿真: 总时长=50h, 步长=3600.0s
[2025-11-24T09:38:18.602578] INFO - logger.info - 场景数量: 5
[2025-11-24T09:38:18.602602] INFO - logger.info - 
==================================================
[2025-11-24T09:38:18.602627] INFO - logger.info - [时间 0h] 新指令: 保持水位平稳，正常供水。
[2025-11-24T09:38:18.602649] INFO - logger.info - ==================================================

[2025-11-24T09:38:18.603171] INFO - logger.info - 模糊匹配场景: 正常供水 (置信度: 0.90)
[2025-11-24T09:38:18.603214] INFO - logger.info - 场景切换 [T=0h]: 保持水位平稳，正常供水。
[2025-11-24T09:38:29.981175] INFO - logger.info - ============================================================
[2025-11-24T09:38:29.981261] INFO - logger.info - 智能闸门仿真系统启动
[2025-11-24T09:38:29.981298] INFO - logger.info - ============================================================
[2025-11-24T09:38:29.981329] INFO - logger.info - 语义解释器初始化完成，加载 5 个场景
[2025-11-24T09:38:29.981366] INFO - logger.info - 监控系统初始化完成
[2025-11-24T09:38:29.981669] INFO - logger.info - 数据库初始化完成: simulation_data.db
[2025-11-24T09:38:29.981705] INFO - logger.info - 数据库已启用: simulation_data.db
[2025-11-24T09:38:29.985419] INFO - logger.info - 创建仿真会话: ID=2
[2025-11-24T09:38:29.985555] INFO - logger.info - 开始仿真: 总时长=50h, 步长=3600.0s
[2025-11-24T09:38:29.985594] INFO - logger.info - 场景数量: 5
[2025-11-24T09:38:29.985619] INFO - logger.info - 
==================================================
[2025-11-24T09:38:29.985641] INFO - logger.info - [时间 0h] 新指令: 保持水位平稳，正常供水。
[2025-11-24T09:38:29.985663] INFO - logger.info - ==================================================

[2025-11-24T09:38:29.986204] INFO - logger.info - 模糊匹配场景: 正常供水 (置信度: 0.90)
[2025-11-24T09:38:29.986243] INFO - logger.info - 场景切换 [T=0h]: 保持水位平稳，正常供水。
[2025-11-24T09:38:30.027758] INFO - logger.info - 模糊匹配场景: 正常供水 (置信度: 0.90)
[2025-11-24T09:38:30.060461] INFO - logger.info - 模糊匹配场景: 正常供水 (置信度: 0.90)
[2025-11-24T09:38:30.091975] INFO - logger.info - 模糊匹配场景: 正常供水 (置信度: 0.90)
[2025-11-24T09:38:30.123561] INFO - logger.info - 模糊匹配场景: 正常供水 (置信度: 0.90)
[2025-11-24T09:38:30.154941] INFO - logger.info - 模糊匹配场景: 正常供水 (置信度: 0.90)
[2025-11-24T09:38:30.186551] INFO - logger.info - 模糊匹配场景: 正常供水 (置信度: 0.90)
[2025-11-24T09:38:30.236825] INFO - logger.info - 模糊匹配场景: 正常供水 (置信度: 0.90)
[2025-11-24T09:38:30.268338] INFO - logger.info - 模糊匹配场景: 正常供水 (置信度: 0.90)
[2025-11-24T09:38:30.299668] INFO - logger.info - 模糊匹配场景: 正常供水 (置信度: 0.90)
[2025-11-24T09:38:30.330971] INFO - logger.info - 
==================================================
[2025-11-24T09:38:30.331055] INFO - logger.info - [时间 10h] 新指令: 收到暴雨预警，立刻降低水位腾出库容！安全第一！
[2025-11-24T09:38:30.331084] INFO - logger.info - ==================================================

[2025-11-24T09:38:30.331339] INFO - logger.info - 模糊匹配场景: 暴雨预警 (置信度: 0.79)
[2025-11-24T09:38:30.331377] INFO - logger.info - 场景切换 [T=10h]: 收到暴雨预警，立刻降低水位腾出库容！安全第一！
[2025-11-24T09:38:30.366084] INFO - logger.info - 模糊匹配场景: 暴雨预警 (置信度: 0.79)
[2025-11-24T09:38:30.397952] INFO - logger.info - 模糊匹配场景: 暴雨预警 (置信度: 0.79)
[2025-11-24T09:38:30.429473] INFO - logger.info - 模糊匹配场景: 暴雨预警 (置信度: 0.79)
[2025-11-24T09:38:30.479516] INFO - logger.info - 模糊匹配场景: 暴雨预警 (置信度: 0.79)
[2025-11-24T09:38:30.510916] INFO - logger.info - 模糊匹配场景: 暴雨预警 (置信度: 0.79)
[2025-11-24T09:38:30.542582] INFO - logger.info - 模糊匹配场景: 暴雨预警 (置信度: 0.79)
[2025-11-24T09:38:30.573816] INFO - logger.info - 模糊匹配场景: 暴雨预警 (置信度: 0.79)
[2025-11-24T09:38:30.605275] INFO - logger.info - 模糊匹配场景: 暴雨预警 (置信度: 0.79)
[2025-11-24T09:38:30.636706] INFO - logger.info - 模糊匹配场景: 暴雨预警 (置信度: 0.79)
[2025-11-24T09:38:30.668021] INFO - logger.info - 
==================================================
[2025-11-24T09:38:30.668104] INFO - logger.info - [时间 20h] 新指令: 进入冰期输水模式，严禁扰动冰盖。
[2025-11-24T09:38:30.668133] INFO - logger.info - ==================================================

[2025-11-24T09:38:30.668351] INFO - logger.info - 模糊匹配场景: 冰期输水 (置信度: 0.82)
[2025-11-24T09:38:30.668385] INFO - logger.info - 场景切换 [T=20h]: 进入冰期输水模式，严禁扰动冰盖。
[2025-11-24T09:38:30.702523] INFO - logger.info - 模糊匹配场景: 冰期输水 (置信度: 0.82)
[2025-11-24T09:38:30.752465] INFO - logger.info - 模糊匹配场景: 冰期输水 (置信度: 0.82)
[2025-11-24T09:38:30.783664] INFO - logger.info - 模糊匹配场景: 冰期输水 (置信度: 0.82)
[2025-11-24T09:38:30.815066] INFO - logger.info - 模糊匹配场景: 冰期输水 (置信度: 0.82)
[2025-11-24T09:38:30.846525] INFO - logger.info - 模糊匹配场景: 冰期输水 (置信度: 0.82)
[2025-11-24T09:38:30.877988] INFO - logger.info - 模糊匹配场景: 冰期输水 (置信度: 0.82)
[2025-11-24T09:38:30.909354] INFO - logger.info - 模糊匹配场景: 冰期输水 (置信度: 0.82)
[2025-11-24T09:38:30.941166] INFO - logger.info - 模糊匹配场景: 冰期输水 (置信度: 0.82)
[2025-11-24T09:38:30.990784] INFO - logger.info - 模糊匹配场景: 冰期输水 (置信度: 0.82)
[2025-11-24T09:38:31.022082] INFO - logger.info - 
==================================================
[2025-11-24T09:38:31.022172] INFO - logger.info - [时间 30h] 新指令: 下游检测到污染，紧急切断出流！
[2025-11-24T09:38:31.022210] INFO - logger.info - ==================================================

[2025-11-24T09:38:31.022439] INFO - logger.info - 模糊匹配场景: 污染切断 (置信度: 0.83)
[2025-11-24T09:38:31.022482] INFO - logger.info - 场景切换 [T=30h]: 下游检测到污染，紧急切断出流！
[2025-11-24T09:38:31.057336] INFO - logger.info - 模糊匹配场景: 污染切断 (置信度: 0.83)
[2025-11-24T09:38:31.088588] INFO - logger.info - 模糊匹配场景: 污染切断 (置信度: 0.83)
[2025-11-24T09:38:31.119428] INFO - logger.info - 模糊匹配场景: 污染切断 (置信度: 0.83)
[2025-11-24T09:38:31.150631] INFO - logger.info - 模糊匹配场景: 污染切断 (置信度: 0.83)
[2025-11-24T09:38:31.181672] INFO - logger.info - 模糊匹配场景: 污染切断 (置信度: 0.83)
[2025-11-24T09:38:31.231624] INFO - logger.info - 模糊匹配场景: 污染切断 (置信度: 0.83)
[2025-11-24T09:38:31.264273] INFO - logger.info - 模糊匹配场景: 污染切断 (置信度: 0.83)
[2025-11-24T09:38:31.295369] INFO - logger.info - 模糊匹配场景: 污染切断 (置信度: 0.83)
[2025-11-24T09:38:31.326442] INFO - logger.info - 模糊匹配场景: 污染切断 (置信度: 0.83)
[2025-11-24T09:38:31.357592] INFO - logger.info - 
==================================================
[2025-11-24T09:38:31.357710] INFO - logger.info - [时间 40h] 新指令: 保持水位平稳，正常供水。
[2025-11-24T09:38:31.357747] INFO - logger.info - ==================================================

[2025-11-24T09:38:31.357963] INFO - logger.info - 模糊匹配场景: 正常供水 (置信度: 0.90)
[2025-11-24T09:38:31.358002] INFO - logger.info - 场景切换 [T=40h]: 保持水位平稳，正常供水。
[2025-11-24T09:38:31.392173] INFO - logger.info - 模糊匹配场景: 正常供水 (置信度: 0.90)
[2025-11-24T09:38:31.423958] INFO - logger.info - 模糊匹配场景: 正常供水 (置信度: 0.90)
[2025-11-24T09:38:31.455278] INFO - logger.info - 模糊匹配场景: 正常供水 (置信度: 0.90)
[2025-11-24T09:38:31.504883] INFO - logger.info - 模糊匹配场景: 正常供水 (置信度: 0.90)
[2025-11-24T09:38:31.536195] INFO - logger.info - 模糊匹配场景: 正常供水 (置信度: 0.90)
[2025-11-24T09:38:31.567786] INFO - logger.info - 模糊匹配场景: 正常供水 (置信度: 0.90)
[2025-11-24T09:38:31.599111] INFO - logger.info - 模糊匹配场景: 正常供水 (置信度: 0.90)
[2025-11-24T09:38:31.630770] INFO - logger.info - 模糊匹配场景: 正常供水 (置信度: 0.90)
[2025-11-24T09:38:31.662166] INFO - logger.info - 模糊匹配场景: 正常供水 (置信度: 0.90)
[2025-11-24T09:38:31.701315] INFO - logger.info - 仿真会话完成: ID=2
[2025-11-24T09:38:31.701441] INFO - logger.info - 
仿真完成!
[2025-11-24T09:38:31.701475] INFO - logger.info - 总耗时: 1.71秒
[2025-11-24T09:38:31.701502] INFO - logger.info - 平均每步: 34.2ms
[2025-11-24T09:38:31.701525] INFO - logger.info - 生成仿真报告...
[2025-11-24T09:38:31.701826] INFO - logger.info - 报告已保存: simulation_report_enhanced.md
[2025-11-24T09:38:31.701869] INFO - logger.info - 生成可视化图表...
[2025-11-24T09:38:31.995000] INFO - logger.info - 图表已保存: simulation_result_enhanced.png
[2025-11-24T09:38:31.995076] INFO - logger.info - 生成动画...
[2025-11-24T09:38:38.212484] INFO - logger.info - 动画已保存: simulation_enhanced.gif
[2025-11-24T09:38:38.212826] INFO - logger.info - 
所有产物已生成完毕
[2025-11-24T09:38:38.212957] INFO - logger.info - 数据库连接已关闭
[2025-11-24T10:30:53.697658] INFO - logger.info - 语义解释器初始化完成，加载 5 个场景
[2025-11-24T10:30:53.698171] INFO - logger.info - 模糊匹配场景: 正常供水 (置信度: 0.90)
[2025-11-24T10:30:53.700600] INFO - logger.info - 数据库初始化完成: simulation_data.db
[2025-11-24T10:30:53.700802] INFO - logger.info - 数据库连接已关闭
[2025-11-24T10:30:53.701988] INFO - logger.info - ============================================================
[2025-11-24T10:30:53.702044] INFO - logger.info - 智能闸门仿真系统启动
[2025-11-24T10:30:53.702072] INFO - logger.info - ============================================================
[2025-11-24T10:30:53.702100] INFO - logger.info - 语义解释器初始化完成，加载 5 个场景
[2025-11-24T10:30:53.702143] INFO - logger.info - 监控系统初始化完成
[2025-11-24T10:30:53.702316] INFO - logger.info - 数据库初始化完成: simulation_data.db
[2025-11-24T10:30:53.702347] INFO - logger.info - 数据库已启用: simulation_data.db
[2025-11-24T12:36:24.689519] INFO - logger.info - 语义解释器初始化完成，加载 5 个场景
[2025-11-24T12:36:24.690048] INFO - logger.info - 模糊匹配场景: 正常供水 (置信度: 0.90)
[2025-11-24T12:36:24.692173] INFO - logger.info - 数据库初始化完成: simulation_data.db
[2025-11-24T12:36:24.692357] INFO - logger.info - 数据库连接已关闭
[2025-11-24T12:36:24.693517] INFO - logger.info - ============================================================
[2025-11-24T12:36:24.693574] INFO - logger.info - 智能闸门仿真系统启动
[2025-11-24T12:36:24.693603] INFO - logger.info - ============================================================
[2025-11-24T12:36:24.693629] INFO - logger.info - 语义解释器初始化完成，加载 5 个场景
[2025-11-24T12:36:24.693696] INFO - logger.info - 监控系统初始化完成
[2025-11-24T12:36:24.693877] INFO - logger.info - 数据库初始化完成: simulation_data.db
[2025-11-24T12:36:24.693906] INFO - logger.info - 数据库已启用: simulation_data.db
